bash: alias: data: не найден
[311u03@311U03 ~]$ ^C
[311u03@311U03 ~]$ date
Чт янв 30 10:06:57 +07 2025
[311u03@311U03 ~]$ cal
     Январь 2025    
Пн Вт Ср Чт Пт Сб Вс
       1  2  3  4  5
 6  7  8  9 10 11 12
13 14 15 16 17 18 19
20 21 22 23 24 25 26
27 28 29 30 31      
                    
[311u03@311U03 ~]$ df
Файловая система       1K-блоков Использовано  Доступно Использовано% Cмонтировано в
devtmpfs                    4096            0      4096            0% /dev
tmpfs                    7858256        58200   7800056            1% /dev/shm
tmpfs                    3143304         4428   3138876            1% /run
/dev/nvme0n1p5          48281448     25999276  19797128           57% /
/dev/nvme0n1p2            995224       352732    573760           39% /boot
/dev/nvme0n1p6         188018008     38905100 139538700           22% /home
/dev/nvme0n1p1            610120         8028    602092            2% /boot/efi
/dev/sda1              239254916     22042500 204986164           10% /VSD
tmpfs                    1571648          100   1571548            1% /run/user/42
tmpfs                    1571648          136   1571512            1% /run/user/1804801174
//OPEX1/WinStation.All 976542716    828002740 148539976           85% /media/share/X
[311u03@311U03 ~]$ free
               total        used        free      shared  buff/cache   available
Mem:        15716512     4396948      192176      107152    11576104    11319564
Swap:        7931900        2816     7929084
[311u03@311U03 bin]$ cd /root
bash: cd: /root: Permission denied

[311u03@311U03 bin]$ ls /proc
1      11996  1644  24    4031  452   55    8972           interrupts
10     12     1654  2404  4035  453   56    902            iomem
1000   12037  166   2435  4037  46    5678  903            ioports
1004   12091  1696  2441  4043  462   5694  9097           irq
1018   12092  171   2453  4044  463   58    912            kallsyms
10221  12133  174   246   4046  465   5897  913            kcore
1025   12134  175   2462  4071  467   59    915            keys
1026   12136  176   2472  4073  471   6     941            key-users
10372  12197  18    25    4083  48    60    942            kmsg
1038   12295  1805  2500  41    49    61    943            kpagecgroup
104    12296  1838  2509  4111  492   63    944            kpagecount
10543  12300  186   2525  412   5     64    946            kpageflags
10667  12301  19    2531  4160  50    65    950            latency_stats
10681  12342  2     2532  4167  5044  658   9502           loadavg
1071   12383  20    2547  4168  5045  66    951            locks
1072   12384  2033  2571  4170  5046  662   952            mdstat
1073   12429  2053  2593  4172  5047  663   954            meminfo
1077   13     2056  26    4176  5048  6728  955            misc
1078   14     2063  2613  4177  5051  673   956            modules
10973  1406   2065  2645  4179  51    6774  957            mounts
11     1408   2066  2684  4202  514   6780  962            mtrr
11026  1429   2071  2773  4206  515   679   974            net
11030  1433   2073  28    4217  518   68    978            pagetypeinfo
1105   1438   2076  2863  426   519   687   980            partitions
1112   1440   2077  29    427   520   69    983            pressure
11136  1441   2092  2910  428   521   6904  985            schedstat
1116   1457   21    3     4280  522   70    9855           scsi
11179  1469   2101  30    429   523   7044  986            self
1118   1480   2106  300   43    524   71    994            slabinfo
1124   15     2108  3019  430   525   7223  996            softirqs
1125   151    2198  304   431   526   73    acpi           stat
11303  1517   2201  3085  433   527   74    asound         swaps
1131   1519   2206  31    4331  528   75    bootconfig     sys
11403  152    2274  3101  434   529   753   buddyinfo      sysrq-trigger
11445  1526   23    3102  435   53    76    bus            sysvipc
11527  1527   2303  33    4354  530   78    cgroups        thread-self
11568  153    2309  336   4379  531   79    cmdline        timer_list
11627  1534   2310  34    439   532   8     consoles       tty
11685  1539   2317  35    44    533   80    cpuinfo        uptime
11726  154    2330  350   440   534   81    crypto         version
11727  1542   2336  3557  441   535   82    devices        vmallocinfo
11782  155    234   3558  442   536   83    diskstats      vmstat
11825  156    2352  36    443   537   8331  dma            zoneinfo
11828  157    2368  38    4442  538   8670  driver
11868  158    2372  39    4452  539   8794  dynamic_debug
11870  159    2375  4     448   54    893   execdomains
11871  16     2378  40    449   540   894   fb
11912  161    2391  4025  45    547   895   filesystems
11953  163    2395  4030  450   548   896   fs

[311u03@311U03 bin]$ ls /media
share

[311u03@311U03 bin]$ ls /lib
alsa                                      libodbccr.so.2
audit                                     libodbccr.so.2.0.0
bfd-plugins                               libodbcdrvcfg1S.so.2
binfmt.d                                  libodbcdrvcfg1S.so.2.0.0
blueberry                                 libodbcdrvcfg2S.so.2
cpp                                       libodbcdrvcfg2S.so.2.0.0
cups                                      libodbcinst.so
debug                                     libodbcinst.so.2
dracut                                    libodbcinst.so.2.0.0
dri                                       libodbcminiS.so.2
eclipse                                   libodbcminiS.so.2.0.0
engines-1.1                               libodbcmyS.so
environment.d                             libodbcmyS.so.2
fipscheck                                 libodbcmyS.so.2.0.0
firewalld                                 libodbcnnS.so.2
firmware                                  libodbcnnS.so.2.0.0
fontconfig                                libodbcpsqlS.so
gallium-pipe                              libodbcpsqlS.so.2
games                                     libodbcpsqlS.so.2.0.0
gcc                                       libodbc.so
gconv                                     libodbc.so.2
gdk-pixbuf-2.0                            libodbc.so.2.0.0
gio                                       libodbctxtS.so.2
girepository-1.0                          libodbctxtS.so.2.0.0
grub                                      libogg.so.0
gstreamer-1.0                             libogg.so.0.8.4
gtk-2.0                                   libopenal.so.1
i386-linux-gnu                            libopenal.so.1.19.1
java                                      libOpenCL.so.1
jvm                                       libOpenCL.so.1.0.0
jvm-common                                libopenjp2.so.2.4.0
jvm-exports                               libopenjp2.so.7
jvm-private                               liboplodbcS.so.2
kbd                                       liboplodbcS.so.2.0.0
kconf_update_bin                          libopus.so.0
kde3                                      libopus.so.0.6.1
kde4                                      liboraodbcS.so.2
kdump                                     liboraodbcS.so.2.0.0
kernel                                    liborc-0.4.so.0
krb5                                      liborc-0.4.so.0.39.0
ld-2.28.so                                liborc-test-0.4.so.0
ld-linux.so.2                             liborc-test-0.4.so.0.39.0
libanl-2.28.so                            libOSMesa.so.8
libanl.so.1                               libOSMesa.so.8.0.0
libasound.so.2                            libout123.so
libasound.so.2.0.0                        libout123.so.0
libasyncns.so.0                           libout123.so.0.5.1
libasyncns.so.0.3.1                       libp11-kit.so.0
libatk-1.0.so.0                           libp11-kit.so.0.3.0
libatk-1.0.so.0.23609.1                   libp11.so.3
libatopology.so.2                         libp11.so.3.4.3
libatopology.so.2.0.0                     libpanel.so.6
libavahi-client.so.3                      libpanel.so.6.5
libavahi-client.so.3.2.9                  libpanelw.so.6
libavahi-common.so.3                      libpanelw.so.6.5
libavahi-common.so.3.5.4                  libpango-1.0.so.0
libavahi-libevent.so.1                    libpango-1.0.so.0.5000.14
libavahi-libevent.so.1.0.0                libpangocairo-1.0.so.0
libavc1394.so.0                           libpangocairo-1.0.so.0.5000.14
libavc1394.so.0.3.0                       libpangoft2-1.0.so.0
libblkid.so.1                             libpangoft2-1.0.so.0.5000.14
libblkid.so.1.1.0                         libpangoxft-1.0.so.0
libBrokenLocale-2.28.so                   libpangoxft-1.0.so.0.5000.14
libBrokenLocale.so.1                      libpcap.so.1
libbrotlicommon.so.1                      libpcap.so.1.10.1
libbrotlicommon.so.1.0.7                  libpciaccess.so.0
libbrotlidec.so.1                         libpciaccess.so.0.11.1
libbrotlidec.so.1.0.7                     libpcprofile.so
libbrotlienc.so.1                         libpcre2-8.so.0
libbrotlienc.so.1.0.7                     libpcre2-8.so.0.13.0
libbz2.so.1                               libpcre2-posix.so.3
libbz2.so.1.0.8                           libpcre2-posix.so.3.0.5
libc-2.28.so                              libpcreposix.so.0
libcairo-gobject.so.2                     libpcreposix.so.0.0.7
libcairo-gobject.so.2.11704.0             libpcre.so.1
libcairo-script-interpreter.so.2          libpcre.so.1.2.12
libcairo-script-interpreter.so.2.11704.0  libpixman-1.so.0
libcairo.so.2                             libpixman-1.so.0.40.0
libcairo.so.2.11704.0                     libplc4.so
libcap.so.2                               libplds4.so
libcap.so.2.26                            libpng16.so.16
libcdda_interface.so.0                    libpng16.so.16.37.0
libcdda_interface.so.0.10.2               libpoppler-glib.so.8
libcdda_paranoia.so.0                     libpoppler-glib.so.8.21.0
libcdda_paranoia.so.0.10.2                libpoppler.so.101
libcom_err.so.2                           libpoppler.so.112
libcom_err.so.2.1                         libpoppler.so.112.0.0
libcrypto.so.1.1                          libpopt.so.0
libcrypto.so.1.1.1w                       libpopt.so.0.0.0
libcrypt.so.2                             libproxy
libcrypt.so.2.0.0                         libproxy.so.1
libc.so.6                                 libproxy.so.1.0.0
libcupsimage.so.2                         libpsl.so.5
libcups.so.2                              libpsl.so.5.3.3
libcurl.so.4                              libpthread-2.28.so
libcurl.so.4.8.0                          libpthread.so.0
libdatrie.so.1                            libpulse-simple.so.0
libdatrie.so.1.3.2                        libpulse-simple.so.0.1.1
libdb-5.3.so                              libpulse.so.0
libdb-5.so                                libpulse.so.0.24.0
libdbus-1.so.3                            libraqm.so.0
libdbus-1.so.3.19.17                      libraqm.so.0.700.0
libdl-2.28.so                             libraw1394.so.11
libdl.so.2                                libraw1394.so.11.1.0
libdrm_amdgpu.so.1                        libreadline.so.7
libdrm_amdgpu.so.1.0.0                    libreadline.so.7.0
libdrm_intel.so.1                         libreadline.so.8
libdrm_intel.so.1.0.0                     libreadline.so.8.0
libdrm_nouveau.so.2                       libRemarks.so
libdrm_nouveau.so.2.0.0                   libRemarks.so.12
libdrm_radeon.so.1                        libresolv-2.28.so
libdrm_radeon.so.1.0.1                    libresolv.so.2
libdrm.so.2                               librom1394.so.0
libdrm.so.2.4.0                           librom1394.so.0.3.0
libdv.so.4                                librt-2.28.so
libdv.so.4.0.3                            librt.so.1
libedit.so.0                              libsane.so.1
libedit.so.0.0.63                         libsane.so.1.2.1
libefa.so.1                               libsapdbS.so.2
libefa.so.1.2.46.0                        libsapdbS.so.2.0.0
libEGL_mesa.so.0                          libsasl2.so.3
libEGL_mesa.so.0.0.0                      libsasl2.so.3.0.0
libEGL.so.1                               libSDL-1.2.so.0
libEGL.so.1.1.0                           libSDL-1.2.so.0.11.4
libelf-0.185.so                           libSDL2-2.0.so.0
libelf.so.1                               libSDL2-2.0.so.0.12.0
libesoobS.so.2                            libSegFault.so
libesoobS.so.2.0.0                        libselinux.so.1
libevent-2.0.so.5                         libsepol.so.1
libevent-2.0.so.5.1.9                     libsharpyuv.so.0
libevent-2.1.so.6                         libsharpyuv.so.0.0.1
libevent-2.1.so.6.0.2                     libshout.so.3
libevent_core-2.0.so.5                    libshout.so.3.2.0
libevent_core-2.0.so.5.1.9                libslapi-2.4.so.2
libevent_core-2.1.so.6                    libslapi-2.4.so.2.11.3
libevent_core-2.1.so.6.0.2                libsmime3.so
libevent_extra-2.0.so.5                   libsndfile.so.1
libevent_extra-2.0.so.5.1.9               libsndfile.so.1.0.28
libevent_extra-2.1.so.6                   libsoftokn3.chk
libevent_extra-2.1.so.6.0.2               libsoftokn3.so
libevent_openssl-2.1.so.6                 libsoup-2.4.so.1
libevent_openssl-2.1.so.6.0.2             libsoup-2.4.so.1.10.0
libevent_pthreads-2.0.so.5                libsoup-gnome-2.4.so.1
libevent_pthreads-2.0.so.5.1.9            libsoup-gnome-2.4.so.1.10.0
libevent_pthreads-2.1.so.6                libspeex.so.1
libevent_pthreads-2.1.so.6.0.2            libspeex.so.1.5.1
libexif.so.12                             libsqlite3.so.0
libexif.so.12.3.4                         libsqlite3.so.0.8.6
libexpat.so.1                             libssh.so.4
libexpat.so.1.10.0                        libssh.so.4.8.9
libffi.so.6                               libssh_threads.so.4
libffi.so.6.0.2                           libssh_threads.so.4.8.9
libFLAC++.so.6                            libssl3.so
libFLAC++.so.6.3.0                        libssl.so.1.1
libFLAC.so.8                              libssl.so.1.1.1w
libFLAC.so.8.3.0                          libstdc++.so.6
libfontconfig.so.1                        libstdc++.so.6.0.29
libfontconfig.so.1.12.0                   libsyn123.so
libform.so.6                              libsyn123.so.0
libform.so.6.5                            libsyn123.so.0.2.3
libformw.so.6                             libsystemd.so.0
libformw.so.6.5                           libsystemd.so.0.32.0
libfreebl3.chk                            libtag_c.so.0
libfreebl3.so                             libtag_c.so.0.0.0
libfreeblpriv3.chk                        libtag.so.1
libfreeblpriv3.so                         libtag.so.1.17.0
libfreetype.so.6                          libtasn1.so.6
libfreetype.so.6.19.0                     libtasn1.so.6.6.0
libfribidi.so.0                           libtdsS.so
libfribidi.so.0.4.0                       libtdsS.so.2
libgailutil.so.18                         libtdsS.so.2.0.0
libgailutil.so.18.0.1                     libtemplate.so.2
libgbm.so.1                               libtemplate.so.2.0.0
libgbm.so.1.0.0                           libthai.so.0
libgcc_s-11-20230605.so.1                 libthai.so.0.3.1
libgcc_s.so.1                             libtheoradec.so.1
libgcrypt.so.20                           libtheoradec.so.1.1.4
libgcrypt.so.20.2.6                       libtheoraenc.so.1
libgdk_pixbuf-2.0.so.0                    libtheoraenc.so.1.1.2
libgdk_pixbuf-2.0.so.0.4000.0             libtheora.so.0
libgdk-x11-2.0.so.0                       libtheora.so.0.3.10
libgdk-x11-2.0.so.0.2400.32               libthread_db-1.0.so
libgd.so.3                                libthread_db.so.1
libgd.so.3.0.9                            libtic.so.6
libgio-2.0.so.0                           libtic.so.6.5
libgio-2.0.so.0.6503.0                    libtiff.so.5
libglapi.so.0                             libtiff.so.5.8.0
libglapi.so.0.0.0                         libtiff.so.6
libGLdispatch.so.0                        libtiff.so.6.0.1
libGLdispatch.so.0.0.0                    libtiffxx.so.5
libGLESv1_CM.so.1                         libtiffxx.so.5.8.0
libGLESv1_CM.so.1.2.0                     libtiffxx.so.6
libGLESv2.so.2                            libtiffxx.so.6.0.1
libGLESv2.so.2.1.0                        libtinfo.so.6
libglib-2.0.so.0                          libtinfo.so.6.5
libglib-2.0.so.0.6503.0                   libtwolame.so.0
libGL.so.1                                libtwolame.so.0.0.0
libGL.so.1.7.0                            libudev.so.1
libGLX_mesa.so.0                          libudev.so.1.7.2
libGLX_mesa.so.0.0.0                      libunistring.so.2
libGLX.so.0                               libunistring.so.2.1.0
libGLX.so.0.0.0                           libunwind-coredump.so.0
libGLX_system.so.0                        libunwind-coredump.so.0.0.0
libgmodule-2.0.so.0                       libunwind.so.8
libgmodule-2.0.so.0.6503.0                libunwind.so.8.0.1
libgmp.so.10                              libunwind-x86.so.8
libgmp.so.10.4.1                          libunwind-x86.so.8.0.1
libgnutls.so.30                           libusb-1.0.so.0
libgnutls.so.30.28.2                      libusb-1.0.so.0.3.0
libgobject-2.0.so.0                       libutil-2.28.so
libgobject-2.0.so.0.6503.0                libutil.so.1
libgomp.so.1                              libuuid.so.1
libgomp.so.1.0.0                          libuuid.so.1.3.0
libgpg-error.so.0                         libv4l
libgpg-error.so.0.28.0                    libv4l1.so.0
libgphoto2                                libv4l1.so.0.0.0
libgphoto2_port                           libv4l2rds.so.0
libgphoto2_port.so.12                     libv4l2rds.so.0.0.0
libgphoto2_port.so.12.0.0                 libv4l2.so.0
libgphoto2.so.6                           libv4l2.so.0.0.0
libgphoto2.so.6.1.0                       libv4lconvert.so.0
libgraphite2.so.3                         libv4lconvert.so.0.0.0
libgraphite2.so.3.2.1                     libva-drm.so.2
libgsm.so.1                               libva-drm.so.2.1500.0
libgsm.so.1.0.19                          libva-glx.so.2
libgssapi_krb5.so.2                       libva-glx.so.2.1500.0
libgssapi_krb5.so.2.2                     libva.so.2
libgssrpc.so.4                            libva.so.2.1500.0
libgssrpc.so.4.2                          libva-wayland.so.2
libgstallocators-1.0.so.0                 libva-wayland.so.2.1500.0
libgstallocators-1.0.so.0.1603.0          libva-x11.so.2
libgstapp-1.0.so.0                        libva-x11.so.2.1500.0
libgstapp-1.0.so.0.1603.0                 libverto.so.1
libgstaudio-1.0.so.0                      libverto.so.1.0.0
libgstaudio-1.0.so.0.1603.0               libvisual-0.4.so.0
libgstbase-1.0.so.0                       libvisual-0.4.so.0.0.0
libgstbase-1.0.so.0.1603.0                libVkLayer_MESA_device_select.so
libgstcheck-1.0.so.0                      libvorbisenc.so.2
libgstcheck-1.0.so.0.1603.0               libvorbisenc.so.2.0.12
libgstcontroller-1.0.so.0                 libvorbisfile.so.3
libgstcontroller-1.0.so.0.1603.0          libvorbisfile.so.3.3.8
libgstfft-1.0.so.0                        libvorbis.so.0
libgstfft-1.0.so.0.1603.0                 libvorbis.so.0.4.9
libgstgl-1.0.so.0                         libvpx.so.3
libgstgl-1.0.so.0.1603.0                  libvpx.so.3.0
libgstnet-1.0.so.0                        libvpx.so.3.0.0
libgstnet-1.0.so.0.1603.0                 libvpx.so.6
libgstpbutils-1.0.so.0                    libvpx.so.6.4
libgstpbutils-1.0.so.0.1603.0             libvpx.so.6.4.0
libgstreamer-1.0.so.0                     libvulkan_intel.so
libgstreamer-1.0.so.0.1603.0              libvulkan_lvp.so
libgstriff-1.0.so.0                       libvulkan_radeon.so
libgstriff-1.0.so.0.1603.0                libvulkan.so.1
libgstrtp-1.0.so.0                        libvulkan.so.1.3.216
libgstrtp-1.0.so.0.1603.0                 libwavpack.so.1
libgstrtsp-1.0.so.0                       libwavpack.so.1.2.0
libgstrtsp-1.0.so.0.1603.0                libwayland-client.so.0
libgstsdp-1.0.so.0                        libwayland-client.so.0.20.0
libgstsdp-1.0.so.0.1603.0                 libwayland-cursor.so.0
libgsttag-1.0.so.0                        libwayland-cursor.so.0.20.0
libgsttag-1.0.so.0.1603.0                 libwayland-egl.so.1
libgstvideo-1.0.so.0                      libwayland-egl.so.1.20.0
libgstvideo-1.0.so.0.1603.0               libwayland-server.so.0
libgthread-2.0.so.0                       libwayland-server.so.0.20.0
libgthread-2.0.so.0.6503.0                libwebpdecoder.so.3
libgtk-x11-2.0.so.0                       libwebpdecoder.so.3.1.8
libgtk-x11-2.0.so.0.2400.32               libwebpdemux.so.2
libharfbuzz-cairo.so.0                    libwebpdemux.so.2.0.14
libharfbuzz-cairo.so.0.60730.0            libwebpmux.so.3
libharfbuzz-gobject.so.0                  libwebpmux.so.3.0.13
libharfbuzz-gobject.so.0.60730.0          libwebp.so.7
libharfbuzz.so.0                          libwebp.so.7.1.8
libharfbuzz.so.0.60730.0                  libX11.so.6
libharfbuzz-subset.so.0                   libX11.so.6.3.0
libharfbuzz-subset.so.0.60730.0           libX11-xcb.so.1
libhistory.so.7                           libX11-xcb.so.1.0.0
libhistory.so.7.0                         libXau.so.6
libhistory.so.8                           libXau.so.6.0.0
libhistory.so.8.0                         libxcb-composite.so.0
libhogweed.so.4                           libxcb-composite.so.0.0.0
libhogweed.so.4.5                         libxcb-damage.so.0
libhogweed.so.5                           libxcb-damage.so.0.0.0
libhogweed.so.5.0                         libxcb-dpms.so.0
libibverbs                                libxcb-dpms.so.0.0.0
libibverbs.so.1                           libxcb-dri2.so.0
libibverbs.so.1.14.46.0                   libxcb-dri2.so.0.0.0
libidn2.so.0                              libxcb-dri3.so.0
libidn2.so.0.3.6                          libxcb-dri3.so.0.1.0
libiec61883.so.0                          libxcb-glx.so.0
libiec61883.so.0.1.1                      libxcb-glx.so.0.0.0
libieee1284.so.3                          libxcb-present.so.0
libieee1284.so.3.2.2                      libxcb-present.so.0.0.0
libimagequant.so.0                        libxcb-randr.so.0
libjasper.so.4                            libxcb-randr.so.0.1.0
libjasper.so.4.0.0                        libxcb-record.so.0
libjbig85.so.2.1                          libxcb-record.so.0.0.0
libjbig.so.2.1                            libxcb-render.so.0
libjpeg.so.62                             libxcb-render.so.0.0.0
libjpeg.so.62.3.0                         libxcb-res.so.0
libk5crypto.so.3                          libxcb-res.so.0.0.0
libk5crypto.so.3.1                        libxcb-screensaver.so.0
libkdb5.so.10                             libxcb-screensaver.so.0.0.0
libkdb5.so.10.0                           libxcb-shape.so.0
libkeyutils.so.1                          libxcb-shape.so.0.0.0
libkeyutils.so.1.8                        libxcb-shm.so.0
libkrad.so.0                              libxcb-shm.so.0.0.0
libkrad.so.0.0                            libxcb.so.1
libkrb5.so.3                              libxcb.so.1.1.0
libkrb5.so.3.3                            libxcb-sync.so.1
libkrb5support.so.0                       libxcb-sync.so.1.0.0
libkrb5support.so.0.1                     libxcb-xf86dri.so.0
liblber-2.4.so.2                          libxcb-xf86dri.so.0.0.0
liblber-2.4.so.2.11.3                     libxcb-xfixes.so.0
liblcms2.so.2                             libxcb-xfixes.so.0.0.0
liblcms2.so.2.0.15                        libxcb-xinerama.so.0
libldap-2.4.so.2                          libxcb-xinerama.so.0.0.0
libldap-2.4.so.2.11.3                     libxcb-xinput.so.0
libldap_r-2.4.so.2                        libxcb-xinput.so.0.1.0
libldap_r-2.4.so.2.11.3                   libxcb-xkb.so.1
libLLVM-12.0.1.so                         libxcb-xkb.so.1.0.0
libLLVM-12.so                             libxcb-xselinux.so.0
liblockdev.so.1                           libxcb-xselinux.so.0.0.0
liblockdev.so.1.0.0                       libxcb-xtest.so.0
libltdl.so.7                              libxcb-xtest.so.0.0.0
libltdl.so.7.3.1                          libxcb-xvmc.so.0
libLTO.so                                 libxcb-xvmc.so.0.0.0
libLTO.so.12                              libxcb-xv.so.0
liblz4.so.1                               libxcb-xv.so.0.0.0
liblz4.so.1.9.4                           libXcomposite.so.1
liblzma.so.5                              libXcomposite.so.1.0.0
liblzma.so.5.2.2                          libXcursor.so.1
libm-2.28.so                              libXcursor.so.1.0.2
libmana.so.1                              libXdamage.so.1
libmana.so.1.0.46.0                       libXdamage.so.1.1.0
libmemusage.so                            libXdmcp.so.6
libmenu.so.6                              libXdmcp.so.6.0.0
libmenu.so.6.5                            libXext.so.6
libmenuw.so.6                             libXext.so.6.4.0
libmenuw.so.6.5                           libXfixes.so.3
libmimerS.so.2                            libXfixes.so.3.1.0
libmimerS.so.2.0.0                        libXft.so.2
libmlx4.so.1                              libXft.so.2.3.3
libmlx4.so.1.0.46.0                       libXinerama.so.1
libmlx5.so.1                              libXinerama.so.1.0.0
libmlx5.so.1.24.46.0                      libXi.so.6
libmodman.so.1                            libXi.so.6.1.0
libmodman.so.1.0.0                        libxml2.so.2
libmount.so.1                             libxml2.so.2.9.8
libmount.so.1.1.0                         libXpm.so.4
libmp3lame.so.0                           libXpm.so.4.11.0
libmp3lame.so.0.0.0                       libXrandr.so.2
libmpg123.so.0                            libXrandr.so.2.2.0
libmpg123.so.0.48.3                       libXrender.so.1
libm.so.6                                 libXrender.so.1.3.0
libncurses.so.6                           libxshmfence.so.1
libncurses.so.6.5                         libxshmfence.so.1.0.0
libncursesw.so.6                          libXv.so.1
libncursesw.so.6.5                        libXv.so.1.0.0
libnetsnmp.so.40                          libXxf86vm.so.1
libnetsnmp.so.40.2.1                      libXxf86vm.so.1.0.0
libnettle.so.6                            libz.so.1
libnettle.so.6.5                          libz.so.1.2.11
libnettle.so.7                            libzstd.so.1
libnettle.so.7.0                          libzstd.so.1.5.5
libnghttp2.so.14                          LLVMgold.so
libnghttp2.so.14.24.1                     locale
libnl-3.so.200                            lsb
libnl-3.so.200.26.0                       mdadm
libnl-genl-3.so.200                       modprobe.d
libnl-genl-3.so.200.26.0                  modules
libnl-idiag-3.so.200                      modules-load.d
libnl-idiag-3.so.200.26.0                 motd
libnl-nf-3.so.200                         motd.d
libnl-nf-3.so.200.26.0                    mozilla
libnl-route-3.so.200                      NetworkManager
libnl-route-3.so.200.26.0                 nss
libnl-xfrm-3.so.200                       ostree
libnl-xfrm-3.so.200.26.0                  p11-kit-proxy.so
libnn.so.2                                pam.d
libnn.so.2.0.0                            polkit-1
libnsl-2.28.so                            pulseaudio
libnsl.so.1                               python2.7
libnspr4.so                               python3.8
libnss3.so                                qt5
libnss_compat-2.28.so                     realmd
libnss_compat.so.2                        rpm
libnssdbm3.chk                            sane
libnssdbm3.so                             sasl2
libnss_dns-2.28.so                        security
libnss_dns.so.2                           sendmail
libnss_files-2.28.so                      sendmail.postfix
libnss_files.so.2                         sse2
libnss_mdns4_minimal.so.2                 sysctl.d
libnss_mdns4.so.2                         sysimage
libnss_mdns6_minimal.so.2                 systemd
libnss_mdns6.so.2                         sysusers.d
libnss_mdns_minimal.so.2                  tmpfiles.d
libnss_mdns.so.2                          tuned
libnss_myhostname.so.2                    udev
libnss_resolve.so.2                       vdpau
libnss_systemd.so.2                       wine
libnssutil3.so                            x86_64-linux-gnu

[311u03@311U03 bin]$ ls /home
311u03@nkti.local  lost+found  user

[311u03@311U03 bin]$ mkdir dir1
mkdir: невозможно создать каталог «dir1»: Permission denied
[311u03@311U03 bin]$ mkdir dir1 dir2 dir3
mkdir: невозможно создать каталог «dir1»: Permission denied
mkdir: невозможно создать каталог «dir2»: Permission denied
mkdir: невозможно создать каталог «dir3»: Permission denied


